../Core/Src/main.c:134:20:DWT_Delay_Init	4	static
../Core/Src/main.c:140:20:delay_us	24	static,ignoring_inline_asm
../Core/Src/main.c:147:20:trig_pulse_10us	8	static
../Core/Src/main.c:156:20:LED_ALL_OFF	8	static
../Core/Src/main.c:160:20:LED_ALL_TOGGLE	8	static
../Core/Src/main.c:164:13:vMuteLedTimerCb	16	static
../Core/Src/main.c:168:13:vMuteBuzTimerCb	16	static
../Core/Src/main.c:177:5:main	32	static,ignoring_inline_asm
../Core/Src/main.c:284:6:SystemClock_Config	88	static
../Core/Src/main.c:330:13:MX_I2C3_Init	8	static
../Core/Src/main.c:364:13:MX_TIM2_Init	48	static
../Core/Src/main.c:422:13:MX_TIM3_Init	64	static
../Core/Src/main.c:481:13:MX_GPIO_Init	64	static
../Core/Src/main.c:541:6:HAL_TIM_IC_CaptureCallback	32	static,ignoring_inline_asm
../Core/Src/main.c:563:6:HAL_GPIO_EXTI_Callback	56	static,ignoring_inline_asm
../Core/Src/main.c:604:6:StartTask01	32	static
../Core/Src/main.c:641:6:StartTask02	32	static
../Core/Src/main.c:670:6:StartTask03	32	static
../Core/Src/main.c:704:6:StartTask04	24	static
../Core/Src/main.c:742:6:StartTask05	48	static
../Core/Src/main.c:793:6:Error_Handler	4	static,ignoring_inline_asm
